// Vitest Snapshot v1, https://vitest.dev/guide/snapshot.html

exports[`Rules > applied on default files, not vue, ts 1`] = `
"
/home/anon/dev/eslint-config-symmetrys/fixtures/default/exampl.yaml
  3:1  error  Empty mapping keys are forbidden  yaml/no-empty-key

/home/anon/dev/eslint-config-symmetrys/fixtures/default/example.json
  3:3  error  Duplicate key 'a'  jsonc/no-dupe-keys

/home/anon/dev/eslint-config-symmetrys/fixtures/default/index.js
   3:1   error    Module imports itself                                              import/no-self-import
   3:8   error    'file' is defined but never used                                   no-unused-vars
   7:1   warning  Expected @param names to be \\"foo\\". Got \\"fooo\\"                      jsdoc/check-param-names
  14:21  error    Use path.join() or path.resolve() instead of string concatenation  node/no-path-concat
  17:1   error    Promise.resolve() requires 0 or 1 arguments, but received 2        promise/valid-params
  21:5   error    Prefer \`.textContent\` over \`.innerText\`                            unicorn/prefer-dom-node-text-content

✖ 8 problems (7 errors, 1 warning)

"
`;

exports[`Rules > applied on vue, ts files 1`] = `
"
/home/anon/dev/eslint-config-symmetrys/fixtures/vue-ts/App.vue
  3:3   warning  \`<template>\` require directive                                        vue/no-lone-template
  3:13  error    '<template>' cannot be keyed. Place the key on real elements instead  vue/no-template-key

/home/anon/dev/eslint-config-symmetrys/fixtures/vue-ts/index.ts
   3:1  error    Module imports itself                                        import/no-self-import
   3:8  error    'file' is defined but never used                             @typescript-eslint/no-unused-vars
   7:1  warning  @param \\"fooo\\" does not match an existing function parameter  jsdoc/check-param-names
  14:1  error    Promise.resolve() requires 0 or 1 arguments, but received 2  promise/valid-params
  18:5  error    Prefer \`.textContent\` over \`.innerText\`                      unicorn/prefer-dom-node-text-content

✖ 7 problems (5 errors, 2 warnings)

"
`;
